// Vitest Snapshot v1, https://vitest.dev/guide/snapshot.html

exports[`Travel Service > parseResponse (complex) > should generate a snapshot of the HTML output 1`] = `
"<style>
      .travel-output { font-family: system-ui, -apple-system, "Segoe UI", Roboto, "Helvetica Neue", Arial; color: #0f172a;
  }
      .travel-output .card { border-radius:6px; padding:12px; margin-bottom:10px; background:#fff; }
      .travel-output .small-muted { color:#6b7280; font-size:0.95rem; }
    </style><div class="travel-output"><p>Here is a curated travel program in JSON format, followed by a human-friendly summary with contact cards.</p>
<p>JSON Output:</p>
<p>Human Summary:</p>
<ul>
<li>Flexible options for women 65+ visiting NYC December 19–27, 2025, combining iconic sights, markets, cultural highlights, outdoor escapes, and day trips.</li>
<li>Expect cold weather, possibly snow—dress in warm layers.</li>
<li>Cultural &amp; Historical Highlight:<ul>
<li>Midnight Mass at St. Patrick’s Cathedral on Christmas Eve—free, deeply reflective, arrive early.</li>
</ul>
</li>
<li>Markets &amp; Shopping:<ul>
<li>Bryant Park Winter Village (free entry, skate rental ~USD 20)</li>
<li>Union Square and Columbus Circle Holiday Markets—free entry, great for browsing artisan gifts.</li>
<li>Grand Central Holiday Fair—indoor, warm, ideal for leisurely shopping.</li>
</ul>
</li>
<li>Seasonal Highlights:<ul>
<li>Rockefeller Center Christmas Tree &amp; skating—iconic, festive.</li>
<li>Radio City Christmas Spectacular—classic show (tickets USD 50–150).</li>
<li>LuminoCity Festival—immersive lights (ticket ~USD 30–40).</li>
</ul>
</li>
<li>Outdoor &amp; Nature:<ul>
<li>Bear Mountain State Park—ice skating, winter hiking, close to the city.</li>
</ul>
</li>
<li>Day Trips:<ul>
<li>Cold Spring—quaint Hudson River town, antiques, cafés.</li>
<li>Beacon—with galleries and Dia Beacon museum.</li>
<li>Mohonk Mountain House—spa, skating, hiking, meals in one.</li>
</ul>
</li>
<li>Evening &amp; Special Event:<ul>
<li>Knicks vs. Cavaliers at MSG on Christmas Day—festive sports outing (tickets via secondary market).</li>
</ul>
</li>
<li>Top 3 Contact Cards:</li>
</ul>
<ol>
<li><p>Rockefeller Center</p>
<ul>
<li>Phone: +1 (212) 625‑0000</li>
<li>Email: <a href="mailto:info@rockefellerplaza.com">info@rockefellerplaza.com</a></li>
</ul>
</li>
<li><p>St. Patrick’s Cathedral</p>
<ul>
<li>Phone: +1 (212) 753‑5000</li>
<li>Email: <a href="mailto:info@saintpatrickscathedral.org">info@saintpatrickscathedral.org</a></li>
</ul>
</li>
<li><p>Madison Square Garden (Knicks game)</p>
<ul>
<li>Phone: +1 (212) 548‑1111</li>
<li>Website: msg.com</li>
</ul>
</li>
</ol>
<div class="travel-json"><section class="category"><h2>Accommodations</h2><div class="items"><article class="item card">
        <h3>Rockefeller Plaza Hotels (e.g., The Plaza, Rockefeller Center area)</h3>
        <div class="meta small-muted"> </div>
        <p></p>
        <div class="price">approx. USD 400–600</div><div class="price-note">Typical rates for mid-December from hotel booking platforms</div>
        <div class="contacts"></div>
        <div class="foot small-muted">Confidence: 0.5 </div>
      </article></div></section><section class="category"><h2>Cultural &amp; Historical Highlights</h2><div class="items"><article class="item card">
        <h3>St. Patrick’s Cathedral Midnight Mass</h3>
        <div class="meta small-muted"> </div>
        <p></p>
        
        <div class="contacts"></div>
        <div class="foot small-muted">Confidence: n/a </div>
      </article></div></section><section class="category"><h2>Local Food &amp; Dining</h2><div class="items"><article class="item card">
        <h3>Beacon cafés and eateries (Beacon, NY day trip)</h3>
        <div class="meta small-muted"> </div>
        <p></p>
        <div class="price">approx. USD 20–40</div><div class="price-note">Estimated from CTraveler recommendations of casual dining</div>
        <div class="contacts"></div>
        <div class="foot small-muted">Confidence: 0.4 </div>
      </article></div></section><section class="category"><h2>Markets &amp; Shopping</h2><div class="items"><article class="item card">
        <h3>Bryant Park Winter Village &amp; Holiday Shops</h3>
        <div class="meta small-muted"> </div>
        <p></p>
        <div class="price">Free admission; skate rental estimated USD 20</div><div class="price-note">From event listing stating free admission, typical rental fee</div>
        <div class="contacts"></div>
        <div class="foot small-muted">Confidence: 0.7 </div>
      </article><article class="item card">
        <h3>Union Square Holiday Market</h3>
        <div class="meta small-muted"> </div>
        <p></p>
        <div class="price">Free entry; purchases vary</div><div class="price-note">From market webpage listing free entry</div>
        <div class="contacts"></div>
        <div class="foot small-muted">Confidence: 0.9 </div>
      </article><article class="item card">
        <h3>Grand Central Holiday Fair</h3>
        <div class="meta small-muted"> </div>
        <p></p>
        <div class="price">Free entry; purchases vary</div><div class="price-note">From Christmasmarketusa.com listing</div>
        <div class="contacts"></div>
        <div class="foot small-muted">Confidence: 0.9 </div>
      </article></div></section><section class="category"><h2>Outdoor Adventures &amp; Nature</h2><div class="items"><article class="item card">
        <h3>Bear Mountain State Park (ice skating, hiking)</h3>
        <div class="meta small-muted"> </div>
        <p></p>
        <div class="price">Parking: USD 8 weekdays / USD 10 weekends</div><div class="price-note">From RadicalStorage and MightyTravels articles</div>
        <div class="contacts"></div>
        <div class="foot small-muted">Confidence: 0.8 </div>
      </article></div></section><section class="category"><h2>Day Trips / Excursions</h2><div class="items"><article class="item card">
        <h3>Cold Spring, NY</h3>
        <div class="meta small-muted"> </div>
        <p></p>
        <div class="price">Train fare approx. USD 15–20 round-trip</div><div class="price-note">Estimated Metro-North fare</div>
        <div class="contacts"></div>
        <div class="foot small-muted">Confidence: 0.6 </div>
      </article><article class="item card">
        <h3>Beacon, NY (Dia Beacon)</h3>
        <div class="meta small-muted"> </div>
        <p></p>
        <div class="price">USD 25 (museum admission)</div><div class="price-note">Typical Dia Beacon admission</div>
        <div class="contacts"></div>
        <div class="foot small-muted">Confidence: 0.7 </div>
      </article><article class="item card">
        <h3>Mohonk Mountain House Day Pass</h3>
        <div class="meta small-muted"> </div>
        <p></p>
        <div class="price">approx. USD 150–200</div><div class="price-note">Estimated day-pass from DominicanAbroad tour info</div>
        <div class="contacts"></div>
        <div class="foot small-muted">Confidence: 0.6 </div>
      </article></div></section><section class="category"><h2>Evening &amp; Nightlife Experiences</h2><div class="items"><article class="item card">
        <h3>Knicks vs Cavaliers at Madison Square Garden (Christmas Day)</h3>
        <div class="meta small-muted"> </div>
        <p></p>
        <div class="price">Secondary market pricing varies (likely USD 100+)</div><div class="price-note">From New York Post article about ticket sales</div>
        <div class="contacts"></div>
        <div class="foot small-muted">Confidence: 0.8 </div>
      </article></div></section><section class="category"><h2>Seasonal Or Special Events</h2><div class="items"><article class="item card">
        <h3>Rockefeller Center Christmas Tree &amp; Ice Skating</h3>
        <div class="meta small-muted"> </div>
        <p></p>
        <div class="price">Free to view; skating rental cost typical USD 20</div><div class="price-note">From TheChristmas.com listing for event</div>
        <div class="contacts"></div>
        <div class="foot small-muted">Confidence: 0.9 </div>
      </article><article class="item card">
        <h3>Radio City Christmas Spectacular starring the Rockettes</h3>
        <div class="meta small-muted"> </div>
        <p></p>
        <div class="price">Tickets typically USD 50–150</div><div class="price-note">From TheChristmas.com listing general pricing</div>
        <div class="contacts"></div>
        <div class="foot small-muted">Confidence: 0.8 </div>
      </article><article class="item card">
        <h3>Bryant Park Winter Village</h3>
        <div class="meta small-muted"> </div>
        <p></p>
        <div class="price">Free entry; skate rental approx. USD 20</div><div class="price-note">From event listing</div>
        <div class="contacts"></div>
        <div class="foot small-muted">Confidence: 0.7 </div>
      </article><article class="item card">
        <h3>LuminoCity Festival</h3>
        <div class="meta small-muted"> </div>
        <p></p>
        <div class="price">Estimated USD 30–40</div><div class="price-note">Typical ticket price for light festivals</div>
        <div class="contacts"></div>
        <div class="foot small-muted">Confidence: 0.5 </div>
      </article></div></section></div></div>"
`;

exports[`Travel Service > parseResponse (simple) > should generate a snapshot of the HTML output 1`] = `
"<style>
      .travel-output { font-family: system-ui, -apple-system, "Segoe UI", Roboto, "Helvetica Neue", Arial; color: #0f172a;
  }
      .travel-output .card { border-radius:6px; padding:12px; margin-bottom:10px; background:#fff; }
      .travel-output .small-muted { color:#6b7280; font-size:0.95rem; }
    </style><div class="travel-output"><p>Here is a curated, flexible travel program for your group of nine women (65+) visiting New York City from 2025‑12‑20 to 2025‑12‑27. The offerings span cultural highlights, markets, food, outdoor experiences, and more. Each item includes contact details, pricing, source citations, and notes on holiday-specific scheduling or potential closures.</p>
<div class="travel-json"><section class="category"><h2>Accommodations</h2><div class="items"><article class="item card">
        <h3>Bryant Park Winter Village area hotels</h3>
        <div class="meta small-muted"> </div>
        <p></p>
        <div class="price">varies, approx. USD 300–500</div><div class="price-note">estimated from nearby hotel rates in Midtown</div>
        <div class="contacts"><a class="tel" href="tel:+121276842422127684242">+1‑212‑768‑4242 (local: 212‑768‑4242)</a> <a class="website" href="http://www.bryantpark.org" target="_blank" rel="noopener">http://www.bryantpark.org</a></div>
        <div class="foot small-muted">Confidence: 0.6 </div>
      </article></div></section><section class="category"><h2>Cultural &amp; Historical Highlights</h2><div class="items"><article class="item card">
        <h3>Radio City Christmas Spectacular (Rockettes)</h3>
        <div class="meta small-muted"> </div>
        <p></p>
        <div class="price">approx. USD 80–150</div><div class="price-note">typical Broadway ticket range from official site / ticket sellers</div>
        <div class="contacts"><a class="tel" href="tel:+121223962002122396200">+1‑212‑239‑6200 (local: 212‑239‑6200)</a> <a class="website" href="https://www.rockettes.com/christmas/" target="_blank" rel="noopener">https://www.rockettes.com/christmas/</a></div>
        <div class="foot small-muted">Confidence: 0.7 </div>
      </article><article class="item card">
        <h3>The Nutcracker at Lincoln Center</h3>
        <div class="meta small-muted"> </div>
        <p></p>
        <div class="price">approx. USD 70–200</div><div class="price-note">based on previous season pricing</div>
        <div class="contacts"><a class="tel" href="tel:+121287055702128705570">+1‑212‑870‑5570 (local: 212‑870‑5570)</a> <a class="website" href="https://www.nycballet.com" target="_blank" rel="noopener">https://www.nycballet.com</a></div>
        <div class="foot small-muted">Confidence: 0.6 </div>
      </article></div></section></div></div>"
`;
